features_labs_1.mat
features_labs_10.mat
features_labs_100.mat
features_labs_101.mat
features_labs_102.mat
features_labs_103.mat
features_labs_104.mat
features_labs_105.mat
features_labs_106.mat
features_labs_107.mat
features_labs_108.mat
features_labs_109.mat
features_labs_11.mat
features_labs_110.mat
features_labs_111.mat
features_labs_112.mat
features_labs_113.mat
features_labs_114.mat
features_labs_115.mat
features_labs_116.mat
features_labs_117.mat
features_labs_118.mat
features_labs_119.mat
features_labs_12.mat
features_labs_120.mat
features_labs_121.mat
features_labs_122.mat
features_labs_123.mat
features_labs_124.mat
features_labs_125.mat
features_labs_126.mat
features_labs_127.mat
features_labs_128.mat
features_labs_129.mat
features_labs_13.mat
features_labs_130.mat
features_labs_131.mat
features_labs_132.mat
features_labs_133.mat
features_labs_134.mat
features_labs_135.mat
features_labs_136.mat
features_labs_137.mat
features_labs_138.mat
features_labs_139.mat
features_labs_14.mat
features_labs_140.mat
features_labs_141.mat
features_labs_142.mat
features_labs_143.mat
features_labs_144.mat
features_labs_145.mat
features_labs_146.mat
features_labs_147.mat
features_labs_148.mat
features_labs_149.mat
features_labs_15.mat
features_labs_150.mat
features_labs_151.mat
features_labs_152.mat
features_labs_153.mat
features_labs_154.mat
features_labs_155.mat
features_labs_156.mat
features_labs_157.mat
features_labs_158.mat
features_labs_159.mat
features_labs_16.mat
features_labs_160.mat
features_labs_161.mat
features_labs_162.mat
features_labs_163.mat
features_labs_164.mat
features_labs_165.mat
features_labs_166.mat
features_labs_167.mat
features_labs_168.mat
features_labs_169.mat
features_labs_17.mat
features_labs_170.mat
features_labs_171.mat
features_labs_172.mat
features_labs_173.mat
features_labs_174.mat
features_labs_175.mat
features_labs_176.mat
features_labs_177.mat
features_labs_178.mat
features_labs_179.mat
features_labs_18.mat
features_labs_180.mat
features_labs_181.mat
features_labs_182.mat
features_labs_183.mat
features_labs_184.mat
features_labs_185.mat
features_labs_186.mat
features_labs_187.mat
features_labs_188.mat
features_labs_189.mat
features_labs_19.mat
features_labs_190.mat
features_labs_191.mat
features_labs_192.mat
features_labs_193.mat
features_labs_194.mat
features_labs_195.mat
features_labs_196.mat
features_labs_197.mat
features_labs_198.mat
features_labs_199.mat
features_labs_2.mat
features_labs_20.mat
features_labs_200.mat
features_labs_201.mat
features_labs_202.mat
features_labs_203.mat
features_labs_204.mat
features_labs_205.mat
features_labs_206.mat
features_labs_207.mat
features_labs_208.mat
features_labs_209.mat
features_labs_21.mat
features_labs_210.mat
features_labs_211.mat
features_labs_212.mat
features_labs_213.mat
features_labs_214.mat
features_labs_215.mat
features_labs_216.mat
features_labs_217.mat
features_labs_218.mat
features_labs_219.mat
features_labs_22.mat
features_labs_220.mat
features_labs_221.mat
features_labs_222.mat
features_labs_223.mat
features_labs_224.mat
features_labs_225.mat
features_labs_226.mat
features_labs_227.mat
features_labs_228.mat
features_labs_229.mat
features_labs_23.mat
features_labs_230.mat
features_labs_231.mat
features_labs_232.mat
features_labs_233.mat
features_labs_234.mat
features_labs_235.mat
features_labs_236.mat
features_labs_237.mat
features_labs_238.mat
features_labs_239.mat
features_labs_24.mat
features_labs_240.mat
features_labs_241.mat
features_labs_242.mat
features_labs_243.mat
features_labs_244.mat
features_labs_245.mat
features_labs_246.mat
features_labs_247.mat
features_labs_248.mat
features_labs_249.mat
features_labs_25.mat
features_labs_250.mat
features_labs_251.mat
features_labs_252.mat
features_labs_253.mat
features_labs_254.mat
features_labs_255.mat
features_labs_256.mat
features_labs_257.mat
features_labs_258.mat
features_labs_259.mat
features_labs_26.mat
features_labs_260.mat
features_labs_261.mat
features_labs_262.mat
features_labs_263.mat
features_labs_264.mat
features_labs_265.mat
features_labs_266.mat
features_labs_267.mat
features_labs_268.mat
features_labs_269.mat
features_labs_27.mat
features_labs_270.mat
features_labs_271.mat
features_labs_272.mat
features_labs_273.mat
features_labs_274.mat
features_labs_275.mat
features_labs_276.mat
features_labs_277.mat
features_labs_278.mat
features_labs_279.mat
features_labs_28.mat
features_labs_280.mat
features_labs_281.mat
features_labs_282.mat
features_labs_283.mat
features_labs_284.mat
features_labs_285.mat
features_labs_286.mat
features_labs_287.mat
features_labs_288.mat
features_labs_289.mat
features_labs_29.mat
features_labs_290.mat
features_labs_291.mat
features_labs_292.mat
features_labs_293.mat
features_labs_294.mat
features_labs_295.mat
features_labs_296.mat
features_labs_297.mat
features_labs_298.mat
features_labs_299.mat
features_labs_3.mat
features_labs_30.mat
features_labs_300.mat
features_labs_301.mat
features_labs_302.mat
features_labs_303.mat
features_labs_304.mat
features_labs_305.mat
features_labs_306.mat
features_labs_307.mat
features_labs_308.mat
features_labs_309.mat
features_labs_31.mat
features_labs_310.mat
features_labs_311.mat
features_labs_312.mat
features_labs_313.mat
features_labs_314.mat
features_labs_315.mat
features_labs_316.mat
features_labs_317.mat
features_labs_318.mat
features_labs_319.mat
features_labs_32.mat
features_labs_320.mat
features_labs_321.mat
features_labs_322.mat
features_labs_323.mat
features_labs_324.mat
features_labs_325.mat
features_labs_326.mat
features_labs_327.mat
features_labs_328.mat
features_labs_329.mat
features_labs_33.mat
features_labs_330.mat
features_labs_331.mat
features_labs_332.mat
features_labs_333.mat
features_labs_334.mat
features_labs_335.mat
features_labs_336.mat
features_labs_337.mat
features_labs_338.mat
features_labs_339.mat
features_labs_34.mat
features_labs_340.mat
features_labs_341.mat
features_labs_342.mat
features_labs_343.mat
features_labs_344.mat
features_labs_345.mat
features_labs_346.mat
features_labs_347.mat
features_labs_348.mat
features_labs_349.mat
features_labs_35.mat
features_labs_350.mat
features_labs_351.mat
features_labs_352.mat
features_labs_353.mat
features_labs_354.mat
features_labs_355.mat
features_labs_356.mat
features_labs_357.mat
features_labs_358.mat
features_labs_359.mat
features_labs_36.mat
features_labs_360.mat
features_labs_361.mat
features_labs_362.mat
features_labs_363.mat
features_labs_364.mat
features_labs_365.mat
features_labs_366.mat
features_labs_367.mat
features_labs_368.mat
features_labs_369.mat
features_labs_37.mat
features_labs_370.mat
features_labs_371.mat
features_labs_372.mat
features_labs_373.mat
features_labs_374.mat
features_labs_375.mat
features_labs_376.mat
features_labs_377.mat
features_labs_378.mat
features_labs_379.mat
features_labs_38.mat
features_labs_380.mat
features_labs_381.mat
features_labs_382.mat
features_labs_383.mat
features_labs_384.mat
features_labs_385.mat
features_labs_386.mat
features_labs_387.mat
features_labs_388.mat
features_labs_389.mat
features_labs_39.mat
features_labs_390.mat
features_labs_391.mat
features_labs_392.mat
features_labs_393.mat
features_labs_394.mat
features_labs_395.mat
features_labs_396.mat
features_labs_397.mat
features_labs_398.mat
features_labs_399.mat
features_labs_4.mat
features_labs_40.mat
features_labs_400.mat
features_labs_401.mat
features_labs_402.mat
features_labs_403.mat
features_labs_404.mat
features_labs_405.mat
features_labs_406.mat
features_labs_407.mat
features_labs_408.mat
features_labs_409.mat
features_labs_41.mat
features_labs_410.mat
features_labs_411.mat
features_labs_412.mat
features_labs_413.mat
features_labs_414.mat
features_labs_415.mat
features_labs_416.mat
features_labs_417.mat
features_labs_418.mat
features_labs_419.mat
features_labs_42.mat
features_labs_420.mat
features_labs_421.mat
features_labs_422.mat
features_labs_423.mat
features_labs_424.mat
features_labs_425.mat
features_labs_426.mat
features_labs_427.mat
features_labs_428.mat
features_labs_429.mat
features_labs_43.mat
features_labs_430.mat
features_labs_431.mat
features_labs_432.mat
features_labs_433.mat
features_labs_434.mat
features_labs_435.mat
features_labs_436.mat
features_labs_437.mat
features_labs_438.mat
features_labs_439.mat
features_labs_44.mat
features_labs_440.mat
features_labs_441.mat
features_labs_442.mat
features_labs_443.mat
features_labs_444.mat
features_labs_445.mat
features_labs_446.mat
features_labs_447.mat
features_labs_448.mat
features_labs_449.mat
features_labs_45.mat
features_labs_450.mat
features_labs_451.mat
features_labs_452.mat
features_labs_453.mat
features_labs_454.mat
features_labs_455.mat
features_labs_456.mat
features_labs_457.mat
features_labs_458.mat
features_labs_459.mat
features_labs_46.mat
features_labs_460.mat
features_labs_461.mat
features_labs_462.mat
features_labs_463.mat
features_labs_464.mat
features_labs_465.mat
features_labs_466.mat
features_labs_467.mat
features_labs_468.mat
features_labs_469.mat
features_labs_47.mat
features_labs_470.mat
features_labs_471.mat
features_labs_472.mat
features_labs_473.mat
features_labs_474.mat
features_labs_475.mat
features_labs_476.mat
features_labs_477.mat
features_labs_478.mat
features_labs_479.mat
features_labs_48.mat
features_labs_480.mat
features_labs_481.mat
features_labs_482.mat
features_labs_483.mat
features_labs_484.mat
features_labs_485.mat
features_labs_486.mat
features_labs_487.mat
features_labs_488.mat
features_labs_489.mat
features_labs_49.mat
features_labs_490.mat
features_labs_491.mat
features_labs_492.mat
features_labs_493.mat
features_labs_494.mat
features_labs_495.mat
features_labs_496.mat
features_labs_497.mat
features_labs_498.mat
features_labs_499.mat
features_labs_5.mat
features_labs_50.mat
features_labs_500.mat
features_labs_501.mat
features_labs_502.mat
features_labs_503.mat
features_labs_504.mat
features_labs_505.mat
features_labs_506.mat
features_labs_507.mat
features_labs_508.mat
features_labs_509.mat
features_labs_51.mat
features_labs_510.mat
features_labs_52.mat
features_labs_53.mat
features_labs_54.mat
features_labs_55.mat
features_labs_56.mat
features_labs_57.mat
features_labs_58.mat
features_labs_59.mat
features_labs_6.mat
features_labs_60.mat
features_labs_61.mat
features_labs_62.mat
features_labs_63.mat
features_labs_64.mat
features_labs_65.mat
features_labs_66.mat
features_labs_67.mat
features_labs_68.mat
features_labs_69.mat
features_labs_7.mat
features_labs_70.mat
features_labs_71.mat
features_labs_72.mat
features_labs_73.mat
features_labs_74.mat
features_labs_75.mat
features_labs_76.mat
features_labs_77.mat
features_labs_78.mat
features_labs_79.mat
features_labs_8.mat
features_labs_80.mat
features_labs_81.mat
features_labs_82.mat
features_labs_83.mat
features_labs_84.mat
features_labs_85.mat
features_labs_86.mat
features_labs_87.mat
features_labs_88.mat
features_labs_89.mat
features_labs_9.mat
features_labs_90.mat
features_labs_91.mat
features_labs_92.mat
features_labs_93.mat
features_labs_94.mat
features_labs_95.mat
features_labs_96.mat
features_labs_97.mat
features_labs_98.mat
features_labs_99.mat
