features_labs_1.mat
features_labs_10.mat
features_labs_11.mat
features_labs_12.mat
features_labs_13.mat
features_labs_14.mat
features_labs_15.mat
features_labs_16.mat
features_labs_17.mat
features_labs_18.mat
features_labs_19.mat
features_labs_2.mat
features_labs_20.mat
features_labs_21.mat
features_labs_22.mat
features_labs_23.mat
features_labs_24.mat
features_labs_25.mat
features_labs_26.mat
features_labs_27.mat
features_labs_28.mat
features_labs_29.mat
features_labs_3.mat
features_labs_30.mat
features_labs_31.mat
features_labs_32.mat
features_labs_33.mat
features_labs_34.mat
features_labs_35.mat
features_labs_36.mat
features_labs_37.mat
features_labs_38.mat
features_labs_39.mat
features_labs_4.mat
features_labs_40.mat
features_labs_41.mat
features_labs_42.mat
features_labs_43.mat
features_labs_44.mat
features_labs_45.mat
features_labs_46.mat
features_labs_47.mat
features_labs_48.mat
features_labs_49.mat
features_labs_5.mat
features_labs_50.mat
features_labs_51.mat
features_labs_52.mat
features_labs_53.mat
features_labs_54.mat
features_labs_55.mat
features_labs_56.mat
features_labs_57.mat
features_labs_58.mat
features_labs_59.mat
features_labs_6.mat
features_labs_60.mat
features_labs_61.mat
features_labs_62.mat
features_labs_63.mat
features_labs_64.mat
features_labs_65.mat
features_labs_66.mat
features_labs_67.mat
features_labs_68.mat
features_labs_69.mat
features_labs_7.mat
features_labs_70.mat
features_labs_71.mat
features_labs_72.mat
features_labs_8.mat
features_labs_9.mat
